// Jest Snapshot v1, https://goo.gl/fbAQLP

exports[`Login body renders correctly. 1`] = `
[
  <Modal
    animationType="slide"
    hardwareAccelerated={false}
    transparent={true}
    visible={false}
  />,
  <View
    style={
      {
        "alignItems": "center",
        "gap": 26.68,
      }
    }
  >
    <Image
      resizeMode="contain"
      source={1}
      style={
        {
          "height": 333.5,
          "marginTop": 26.68,
          "width": 625,
        }
      }
    />
    <Text
      style={
        {
          "fontSize": 20,
          "fontWeight": "600",
          "letterSpacing": 0.5,
        }
      }
    >
      Log In
    </Text>
    <Text
      style={
        {
          "fontSize": 13,
          "letterSpacing": 0.5,
        }
      }
    >
      Provide your credentials by filling out the form below.
    </Text>
    <Text
      style={
        {
          "color": "red",
          "fontSize": 13,
        }
      }
    />
    <TextInput
      onChangeText={[Function]}
      placeholder="Email"
      style={
        {
          "backgroundColor": "white",
          "borderColor": "lightgrey",
          "borderRadius": 5,
          "borderWidth": 1.3,
          "height": 66.7,
          "marginBottom": 5,
          "marginTop": 5,
          "padding": 10,
          "width": 500,
        }
      }
      value=""
    />
    <View>
      <TextInput
        onChangeText={[Function]}
        placeholder="Password"
        secureTextEntry={true}
        style={
          {
            "backgroundColor": "white",
            "borderColor": "lightgrey",
            "borderRadius": 5,
            "borderWidth": 1.3,
            "height": 66.7,
            "marginBottom": 5,
            "marginTop": 5,
            "padding": 10,
            "width": 500,
          }
        }
        value=""
      />
      <View
        accessibilityState={
          {
            "busy": undefined,
            "checked": undefined,
            "disabled": undefined,
            "expanded": undefined,
            "selected": undefined,
          }
        }
        accessibilityValue={
          {
            "max": undefined,
            "min": undefined,
            "now": undefined,
            "text": undefined,
          }
        }
        accessible={true}
        collapsable={false}
        focusable={true}
        onBlur={[Function]}
        onClick={[Function]}
        onFocus={[Function]}
        onResponderGrant={[Function]}
        onResponderMove={[Function]}
        onResponderRelease={[Function]}
        onResponderTerminate={[Function]}
        onResponderTerminationRequest={[Function]}
        onStartShouldSetResponder={[Function]}
      >
        <Text
          style={
            [
              {
                "color": "gray",
                "fontSize": 12,
                "fontWeight": "700",
              },
              {
                "marginLeft": 5,
              },
            ]
          }
        >
          Forgotten Password?
        </Text>
      </View>
    </View>
    <View
      accessibilityState={
        {
          "busy": undefined,
          "checked": undefined,
          "disabled": undefined,
          "expanded": undefined,
          "selected": undefined,
        }
      }
      accessibilityValue={
        {
          "max": undefined,
          "min": undefined,
          "now": undefined,
          "text": undefined,
        }
      }
      accessible={true}
      collapsable={false}
      focusable={true}
      onBlur={[Function]}
      onClick={[Function]}
      onFocus={[Function]}
      onResponderGrant={[Function]}
      onResponderMove={[Function]}
      onResponderRelease={[Function]}
      onResponderTerminate={[Function]}
      onResponderTerminationRequest={[Function]}
      onStartShouldSetResponder={[Function]}
      style={
        {
          "alignItems": "center",
          "backgroundColor": "#c99c1f",
          "borderColor": "#c99c1f",
          "borderRadius": 5,
          "borderWidth": 1,
          "elevation": 1,
          "height": 66.7,
          "justifyContent": "center",
          "padding": 10,
          "shadowColor": "#000",
          "shadowOffset": {
            "height": 1,
            "width": 0,
          },
          "shadowOpacity": 0.18,
          "shadowRadius": 1,
          "width": 500,
        }
      }
    >
      <Text
        style={
          {
            "fontWeight": "600",
          }
        }
      >
        Log In
      </Text>
    </View>
    <Text
      style={
        [
          {
            "color": "gray",
            "fontSize": 12,
            "fontWeight": "700",
          },
          {
            "fontWeight": "500",
          },
        ]
      }
    >
      Or sign up with
    </Text>
    <View
      accessibilityState={
        {
          "busy": undefined,
          "checked": undefined,
          "disabled": undefined,
          "expanded": undefined,
          "selected": undefined,
        }
      }
      accessibilityValue={
        {
          "max": undefined,
          "min": undefined,
          "now": undefined,
          "text": undefined,
        }
      }
      accessible={true}
      collapsable={false}
      focusable={true}
      onBlur={[Function]}
      onClick={[Function]}
      onFocus={[Function]}
      onResponderGrant={[Function]}
      onResponderMove={[Function]}
      onResponderRelease={[Function]}
      onResponderTerminate={[Function]}
      onResponderTerminationRequest={[Function]}
      onStartShouldSetResponder={[Function]}
      style={
        {
          "alignItems": "center",
          "backgroundColor": "#FFFDF3",
          "borderColor": "lightgray",
          "borderRadius": 5,
          "borderWidth": 1,
          "elevation": 1,
          "flexDirection": "row",
          "height": 66.7,
          "justifyContent": "center",
          "paddingLeft": 10,
          "shadowColor": "#000",
          "shadowOffset": {
            "height": 1,
            "width": 0,
          },
          "shadowOpacity": 0.18,
          "shadowRadius": 1,
          "width": 500,
        }
      }
    >
      <Text />
      <Text
        style={
          {
            "fontWeight": "600",
          }
        }
      >
        Continue with Google
      </Text>
    </View>
  </View>,
  <View
    style={
      {
        "borderColor": "lightgray",
        "borderLeftWidth": 1,
        "borderRightWidth": 1,
        "borderTopLeftRadius": 10,
        "borderTopRightRadius": 10,
        "borderTopWidth": 1,
        "flexDirection": "row",
        "marginBottom": 10,
      }
    }
  >
    <View
      accessibilityState={
        {
          "busy": undefined,
          "checked": undefined,
          "disabled": undefined,
          "expanded": undefined,
          "selected": undefined,
        }
      }
      accessibilityValue={
        {
          "max": undefined,
          "min": undefined,
          "now": undefined,
          "text": undefined,
        }
      }
      accessible={true}
      collapsable={false}
      focusable={true}
      onBlur={[Function]}
      onClick={[Function]}
      onFocus={[Function]}
      onResponderGrant={[Function]}
      onResponderMove={[Function]}
      onResponderRelease={[Function]}
      onResponderTerminate={[Function]}
      onResponderTerminationRequest={[Function]}
      onStartShouldSetResponder={[Function]}
      style={
        {
          "alignItems": "center",
          "borderColor": "lightgray",
          "borderRightWidth": 1,
          "marginTop": 5,
          "padding": 10,
          "width": 150,
        }
      }
    >
      <Text>
        Create Account
      </Text>
    </View>
    <View
      accessibilityState={
        {
          "busy": undefined,
          "checked": undefined,
          "disabled": undefined,
          "expanded": undefined,
          "selected": undefined,
        }
      }
      accessibilityValue={
        {
          "max": undefined,
          "min": undefined,
          "now": undefined,
          "text": undefined,
        }
      }
      accessible={true}
      collapsable={false}
      focusable={true}
      onBlur={[Function]}
      onClick={[Function]}
      onFocus={[Function]}
      onResponderGrant={[Function]}
      onResponderMove={[Function]}
      onResponderRelease={[Function]}
      onResponderTerminate={[Function]}
      onResponderTerminationRequest={[Function]}
      onStartShouldSetResponder={[Function]}
      style={
        {
          "alignItems": "center",
          "backgroundColor": "#FFFDF3",
          "borderBottomColor": "#c99c1f",
          "borderBottomLeftRadius": 20,
          "borderBottomRightRadius": 20,
          "borderBottomWidth": 2,
          "borderColor": "lightgray",
          "elevation": 1,
          "marginTop": 5,
          "padding": 10,
          "shadowColor": "#c99c1f",
          "shadowOffset": {
            "height": 1,
            "width": 0,
          },
          "shadowOpacity": 0.18,
          "shadowRadius": 1,
          "width": 150,
        }
      }
    >
      <Text>
        Log In
      </Text>
    </View>
  </View>,
]
`;
