// Jest Snapshot v1, https://goo.gl/fbAQLP

exports[`Settings screen renders correctly. 1`] = `
<View
  style={
    {
      "backgroundColor": "#FFFDF3",
      "flex": 1,
      "justifyContent": "space-between",
    }
  }
>
  <View>
    <View
      style={
        {
          "alignItems": "center",
          "alignSelf": "center",
          "backgroundColor": "#FFF",
          "elevation": 1,
          "flexDirection": "row",
          "justifyContent": "center",
          "padding": 8,
          "shadowColor": "#000",
          "shadowOffset": {
            "height": 1,
            "width": 0,
          },
          "shadowOpacity": 0.18,
          "shadowRadius": 1,
          "width": 750,
        }
      }
    >
      <Text
        style={
          {
            "alignSelf": "center",
            "elevation": 1,
            "fontSize": 17,
            "fontWeight": "bold",
            "letterSpacing": 2,
            "paddingRight": 10,
            "shadowOffset": {
              "height": 1,
              "width": 0,
            },
            "shadowOpacity": 0.18,
            "shadowRadius": 1,
          }
        }
      >
        ASK BEFORE STICKING NOTE
      </Text>
      <RCTSwitch
        accessibilityRole="switch"
        onChange={[Function]}
        onResponderTerminationRequest={[Function]}
        onStartShouldSetResponder={[Function]}
        style={
          {
            "height": 31,
            "width": 51,
          }
        }
        value={false}
      />
    </View>
    <View
      accessibilityState={
        {
          "busy": undefined,
          "checked": undefined,
          "disabled": undefined,
          "expanded": undefined,
          "selected": undefined,
        }
      }
      accessibilityValue={
        {
          "max": undefined,
          "min": undefined,
          "now": undefined,
          "text": undefined,
        }
      }
      accessible={true}
      collapsable={false}
      focusable={true}
      onBlur={[Function]}
      onClick={[Function]}
      onFocus={[Function]}
      onResponderGrant={[Function]}
      onResponderMove={[Function]}
      onResponderRelease={[Function]}
      onResponderTerminate={[Function]}
      onResponderTerminationRequest={[Function]}
      onStartShouldSetResponder={[Function]}
      style={
        {
          "backgroundColor": "#FFF",
          "height": 66.7,
          "justifyContent": "center",
          "shadowOffset": {
            "height": 0.5,
            "width": 0,
          },
          "shadowOpacity": 0.1,
          "shadowRadius": 0.5,
          "width": 750,
          "zIndex": 1000,
        }
      }
    >
      <Text
        style={
          {
            "alignSelf": "center",
            "elevation": 1,
            "fontSize": 17,
            "fontWeight": "bold",
            "letterSpacing": 2,
            "shadowOffset": {
              "height": 1,
              "width": 0,
            },
            "shadowOpacity": 0.18,
            "shadowRadius": 1,
          }
        }
      >
        CHANGE PASSWORD
      </Text>
    </View>
    <Text
      style={
        {
          "alignSelf": "center",
          "fontStyle": "italic",
          "margin": 10,
        }
      }
    />
  </View>
  <View
    accessibilityState={
      {
        "busy": undefined,
        "checked": undefined,
        "disabled": undefined,
        "expanded": undefined,
        "selected": undefined,
      }
    }
    accessibilityValue={
      {
        "max": undefined,
        "min": undefined,
        "now": undefined,
        "text": undefined,
      }
    }
    accessible={true}
    collapsable={false}
    focusable={true}
    onBlur={[Function]}
    onClick={[Function]}
    onFocus={[Function]}
    onResponderGrant={[Function]}
    onResponderMove={[Function]}
    onResponderRelease={[Function]}
    onResponderTerminate={[Function]}
    onResponderTerminationRequest={[Function]}
    onStartShouldSetResponder={[Function]}
    style={
      {
        "backgroundColor": "#FFF",
        "height": 66.7,
        "justifyContent": "center",
        "shadowOffset": {
          "height": 0.5,
          "width": 0,
        },
        "shadowOpacity": 0.1,
        "shadowRadius": 0.5,
        "width": 750,
        "zIndex": 1000,
      }
    }
  >
    <Text
      style={
        {
          "alignSelf": "center",
          "elevation": 1,
          "fontSize": 17,
          "fontWeight": "bold",
          "letterSpacing": 2,
          "shadowOffset": {
            "height": 1,
            "width": 0,
          },
          "shadowOpacity": 0.18,
          "shadowRadius": 1,
        }
      }
    >
      DELETE ACCOUNT
    </Text>
  </View>
</View>
`;
