// Jest Snapshot v1, https://goo.gl/fbAQLP

exports[`Logout component renders correctly. 1`] = `
<View
  style={
    {
      "alignItems": "center",
      "backgroundColor": "#FFFDF3",
      "flex": 1,
      "justifyContent": "space-between",
      "paddingTop": 50,
    }
  }
>
  <logo.svg
    height={150}
    width={200}
  />
  <Text
    style={
      {
        "fontSize": 22,
      }
    }
  >
    Log In
  </Text>
  <Text
    style={
      {
        "color": "gray",
        "fontSize": 12,
      }
    }
  >
    Please provide your credentials by filling out the form below.
  </Text>
  <TextInput
    onChangeText={[Function]}
    placeholder="Email"
    style={
      {
        "borderColor": "lightgrey",
        "borderRadius": 20,
        "borderWidth": 1,
        "marginBottom": 5,
        "marginTop": 5,
        "padding": 10,
        "width": 250,
      }
    }
    value=""
  />
  <TextInput
    onChangeText={[Function]}
    placeholder="Password"
    secureTextEntry={true}
    style={
      {
        "borderColor": "lightgrey",
        "borderRadius": 20,
        "borderWidth": 1,
        "marginBottom": 5,
        "marginTop": 5,
        "padding": 10,
        "width": 250,
      }
    }
    value=""
  />
  <View
    accessibilityState={
      {
        "busy": undefined,
        "checked": undefined,
        "disabled": undefined,
        "expanded": undefined,
        "selected": undefined,
      }
    }
    accessibilityValue={
      {
        "max": undefined,
        "min": undefined,
        "now": undefined,
        "text": undefined,
      }
    }
    accessible={true}
    collapsable={false}
    focusable={true}
    onBlur={[Function]}
    onClick={[Function]}
    onFocus={[Function]}
    onResponderGrant={[Function]}
    onResponderMove={[Function]}
    onResponderRelease={[Function]}
    onResponderTerminate={[Function]}
    onResponderTerminationRequest={[Function]}
    onStartShouldSetResponder={[Function]}
    style={
      {
        "alignItems": "center",
        "backgroundColor": "#fff2ba",
        "borderColor": "#e6c019",
        "borderRadius": 20,
        "borderWidth": 1,
        "elevation": 1,
        "marginBottom": 5,
        "marginTop": 5,
        "padding": 10,
        "shadowColor": "#000",
        "shadowOffset": {
          "height": 1,
          "width": 0,
        },
        "shadowOpacity": 0.18,
        "shadowRadius": 1,
        "width": 200,
      }
    }
  >
    <Text>
      Log In
    </Text>
  </View>
  <Text
    style={
      {
        "color": "gray",
        "fontSize": 12,
      }
    }
  >
    Or sign up with
  </Text>
  <View
    accessibilityState={
      {
        "busy": undefined,
        "checked": undefined,
        "disabled": undefined,
        "expanded": undefined,
        "selected": undefined,
      }
    }
    accessibilityValue={
      {
        "max": undefined,
        "min": undefined,
        "now": undefined,
        "text": undefined,
      }
    }
    accessible={true}
    collapsable={false}
    focusable={true}
    onBlur={[Function]}
    onClick={[Function]}
    onFocus={[Function]}
    onResponderGrant={[Function]}
    onResponderMove={[Function]}
    onResponderRelease={[Function]}
    onResponderTerminate={[Function]}
    onResponderTerminationRequest={[Function]}
    onStartShouldSetResponder={[Function]}
    style={
      {
        "alignItems": "center",
        "backgroundColor": "#FFFDF3",
        "borderColor": "lightgray",
        "borderRadius": 20,
        "borderWidth": 1,
        "elevation": 1,
        "flexDirection": "row",
        "justifyContent": "space-around",
        "marginBottom": 5,
        "marginTop": 5,
        "padding": 10,
        "shadowColor": "#000",
        "shadowOffset": {
          "height": 1,
          "width": 0,
        },
        "shadowOpacity": 0.18,
        "shadowRadius": 1,
        "width": 200,
      }
    }
  >
    <Text />
    <Text>
      Continue with Google
    </Text>
  </View>
  <View
    style={
      {
        "borderColor": "lightgray",
        "borderLeftWidth": 1,
        "borderRightWidth": 1,
        "borderTopLeftRadius": 10,
        "borderTopRightRadius": 10,
        "borderTopWidth": 1,
        "flexDirection": "row",
      }
    }
  >
    <View
      accessibilityState={
        {
          "busy": undefined,
          "checked": undefined,
          "disabled": undefined,
          "expanded": undefined,
          "selected": undefined,
        }
      }
      accessibilityValue={
        {
          "max": undefined,
          "min": undefined,
          "now": undefined,
          "text": undefined,
        }
      }
      accessible={true}
      collapsable={false}
      focusable={true}
      onBlur={[Function]}
      onClick={[Function]}
      onFocus={[Function]}
      onResponderGrant={[Function]}
      onResponderMove={[Function]}
      onResponderRelease={[Function]}
      onResponderTerminate={[Function]}
      onResponderTerminationRequest={[Function]}
      onStartShouldSetResponder={[Function]}
      style={
        {
          "alignItems": "center",
          "backgroundColor": "#FFFDF3",
          "borderColor": "lightgray",
          "borderRightWidth": 1,
          "elevation": 1,
          "marginBottom": 5,
          "marginTop": 5,
          "padding": 10,
          "shadowColor": "#000",
          "shadowOffset": {
            "height": 1,
            "width": 0,
          },
          "shadowOpacity": 0.18,
          "shadowRadius": 1,
          "width": 150,
        }
      }
    >
      <Text>
        Create Account
      </Text>
    </View>
    <View
      accessibilityState={
        {
          "busy": undefined,
          "checked": undefined,
          "disabled": undefined,
          "expanded": undefined,
          "selected": undefined,
        }
      }
      accessibilityValue={
        {
          "max": undefined,
          "min": undefined,
          "now": undefined,
          "text": undefined,
        }
      }
      accessible={true}
      collapsable={false}
      focusable={true}
      onBlur={[Function]}
      onClick={[Function]}
      onFocus={[Function]}
      onResponderGrant={[Function]}
      onResponderMove={[Function]}
      onResponderRelease={[Function]}
      onResponderTerminate={[Function]}
      onResponderTerminationRequest={[Function]}
      onStartShouldSetResponder={[Function]}
      style={
        {
          "alignItems": "center",
          "backgroundColor": "#FFFDF3",
          "borderBottomColor": "#e6c019",
          "borderBottomLeftRadius": 30,
          "borderBottomRightRadius": 30,
          "borderBottomWidth": 4,
          "borderColor": "lightgray",
          "elevation": 1,
          "marginBottom": 5,
          "marginTop": 5,
          "padding": 10,
          "shadowColor": "#000",
          "shadowOffset": {
            "height": 1,
            "width": 0,
          },
          "shadowOpacity": 0.18,
          "shadowRadius": 1,
          "width": 150,
        }
      }
    >
      <Text>
        Log In
      </Text>
    </View>
  </View>
</View>
`;
